#
# There is insufficient memory for the Java Runtime Environment to continue.
# Native memory allocation (malloc) failed to allocate 1048576 bytes. Error detail: AllocateHeap
# Possible reasons:
#   The system is out of physical RAM or swap space
#   This process is running with CompressedOops enabled, and the Java Heap may be blocking the growth of the native heap
# Possible solutions:
#   Reduce memory load on the system
#   Increase physical memory or swap space
#   Check if swap backing store is full
#   Decrease Java heap size (-Xmx/-Xms)
#   Decrease number of Java threads
#   Decrease Java thread stack sizes (-Xss)
#   Set larger code cache with -XX:ReservedCodeCacheSize=
#   JVM is running with Unscaled Compressed Oops mode in which the Java heap is
#     placed in the first 4GB address space. The Java Heap base address is the
#     maximum limit for the native heap growth. Please use -XX:HeapBaseMinAddress
#     to set the Java Heap base and to place the Java Heap above 4GB virtual address.
# This output file may be truncated or incomplete.
#
#  Out of Memory Error (allocation.cpp:44), pid=27980, tid=29664
#
# JRE version: OpenJDK Runtime Environment Temurin-21.0.10+7 (21.0.10+7) (build 21.0.10+7-LTS)
# Java VM: OpenJDK 64-Bit Server VM Temurin-21.0.10+7 (21.0.10+7-LTS, mixed mode, sharing, tiered, compressed oops, compressed class ptrs, parallel gc, windows-amd64)
# No core dump will be written. Minidumps are not enabled by default on client versions of Windows
#

---------------  S U M M A R Y ------------

Command Line: --add-modules=ALL-SYSTEM --add-opens=java.base/java.util=ALL-UNNAMED --add-opens=java.base/java.lang=ALL-UNNAMED --add-opens=java.base/sun.nio.fs=ALL-UNNAMED -Declipse.application=org.eclipse.jdt.ls.core.id1 -Dosgi.bundles.defaultStartLevel=4 -Declipse.product=org.eclipse.jdt.ls.core.product -Djava.import.generatesMetadataFilesAtProjectRoot=false -DDetectVMInstallationsJob.disabled=true -Dfile.encoding=utf8 -XX:+UseParallelGC -XX:GCTimeRatio=4 -XX:AdaptiveSizePolicyWeight=90 -Dsun.zip.disableMemoryMapping=true -Xmx2G -Xms100m -Xlog:disable -javaagent:c:\Users\hp\.vscode\extensions\redhat.java-1.54.0-win32-x64\lombok\lombok-1.18.39-4050.jar -XX:+HeapDumpOnOutOfMemoryError -XX:HeapDumpPath=c:\Users\hp\AppData\Roaming\Code\User\workspaceStorage\375c0146efa91f853ace7a4dbd2da55a\redhat.java -Daether.dependencyCollector.impl=bf c:\Users\hp\.vscode\extensions\redhat.java-1.54.0-win32-x64\server\plugins\org.eclipse.equinox.launcher_1.7.100.v20251111-0406.jar -configuration c:\Users\hp\AppData\Roaming\Code\User\globalStorage\redhat.java\1.54.0\config_win -data c:\Users\hp\AppData\Roaming\Code\User\workspaceStorage\375c0146efa91f853ace7a4dbd2da55a\redhat.java\jdt_ws --pipe=\\.\pipe\lsp-2b120948f14e6f852cc8062279f9f210-sock

Host: 11th Gen Intel(R) Core(TM) i5-1135G7 @ 2.40GHz, 8 cores, 15G,  Windows 11 , 64 bit Build 26100 (10.0.26100.7309)
Time: Fri May  1 12:25:33 2026 India Standard Time elapsed time: 3990.220344 seconds (0d 1h 6m 30s)

---------------  T H R E A D  ---------------

Current thread (0x000002b4f9ba5ee0):  JavaThread "Attach Listener" daemon [_thread_in_vm, id=29664, stack(0x000000ce5f500000,0x000000ce5f600000) (1024K)]

Stack: [0x000000ce5f500000,0x000000ce5f600000]
Native frames: (J=compiled Java code, j=interpreted, Vv=VM code, C=native code)
V  [jvm.dll+0x6d7a39]
V  [jvm.dll+0x8b4b26]
V  [jvm.dll+0x8b70de]
V  [jvm.dll+0x8b77c3]
V  [jvm.dll+0x284346]
V  [jvm.dll+0xc1277]
V  [jvm.dll+0x6d82e9]
V  [jvm.dll+0x1334a6]
V  [jvm.dll+0x3f857e]
V  [jvm.dll+0x85f59d]
V  [jvm.dll+0x6d626d]
C  [ucrtbase.dll+0x37b0]
C  [KERNEL32.DLL+0x2e8d7]
C  [ntdll.dll+0x8c53c]


---------------  P R O C E S S  ---------------

Threads class SMR info:
_java_thread_list=0x000002b4da2f7180, length=34, elements={
0x000002b4f9c2ecd0, 0x000002b4f9b9e450, 0x000002b4f9ba0990, 0x000002b4f9ba3610,
0x000002b4f9ba5ee0, 0x000002b4f9ba9c60, 0x000002b4f9badc30, 0x000002b4f9bdae70,
0x000002b4f9bdcf20, 0x000002b4ff082d70, 0x000002b4ff1b0eb0, 0x000002b4ff8b4130,
0x000002b4ff9a0a90, 0x000002b4ff99f6e0, 0x000002b4ff99fd70, 0x000002b4ff9a1120,
0x000002b4ff9a17b0, 0x000002b4ff9a24d0, 0x000002b4ff6553b0, 0x000002b4ff654690,
0x000002b4ff6525c0, 0x000002b4ff6560d0, 0x000002b4ff652c50, 0x000002b4ff659be0,
0x000002b4ff6581a0, 0x000002b4ff658ec0, 0x000002b4ff659550, 0x000002b4ff658830,
0x000002b4ff656760, 0x000002b4ff656df0, 0x000002b4ff657b10, 0x000002b4ff9a1e40,
0x000002b4d87eba90, 0x000002b4d87ead70
}

Java Threads: ( => current thread )
  0x000002b4f9c2ecd0 JavaThread "main"                              [_thread_blocked, id=16148, stack(0x000000ce5ee00000,0x000000ce5ef00000) (1024K)]
  0x000002b4f9b9e450 JavaThread "Reference Handler"          daemon [_thread_blocked, id=7132, stack(0x000000ce5f200000,0x000000ce5f300000) (1024K)]
  0x000002b4f9ba0990 JavaThread "Finalizer"                  daemon [_thread_blocked, id=18804, stack(0x000000ce5f300000,0x000000ce5f400000) (1024K)]
  0x000002b4f9ba3610 JavaThread "Signal Dispatcher"          daemon [_thread_blocked, id=14268, stack(0x000000ce5f400000,0x000000ce5f500000) (1024K)]
=>0x000002b4f9ba5ee0 JavaThread "Attach Listener"            daemon [_thread_in_vm, id=29664, stack(0x000000ce5f500000,0x000000ce5f600000) (1024K)]
  0x000002b4f9ba9c60 JavaThread "Service Thread"             daemon [_thread_blocked, id=22268, stack(0x000000ce5f600000,0x000000ce5f700000) (1024K)]
  0x000002b4f9badc30 JavaThread "Monitor Deflation Thread"   daemon [_thread_blocked, id=13828, stack(0x000000ce5f700000,0x000000ce5f800000) (1024K)]
  0x000002b4f9bdae70 JavaThread "C2 CompilerThread0"         daemon [_thread_blocked, id=984, stack(0x000000ce5f800000,0x000000ce5f900000) (1024K)]
  0x000002b4f9bdcf20 JavaThread "C1 CompilerThread0"         daemon [_thread_blocked, id=5920, stack(0x000000ce5f900000,0x000000ce5fa00000) (1024K)]
  0x000002b4ff082d70 JavaThread "Common-Cleaner"             daemon [_thread_blocked, id=13700, stack(0x000000ce5fa00000,0x000000ce5fb00000) (1024K)]
  0x000002b4ff1b0eb0 JavaThread "Notification Thread"        daemon [_thread_blocked, id=28428, stack(0x000000ce5fb00000,0x000000ce5fc00000) (1024K)]
  0x000002b4ff8b4130 JavaThread "Active Thread: Equinox Container: bfa39d9e-2d6c-47d9-8fda-91c14bc09b2d"        [_thread_blocked, id=22732, stack(0x000000ce60900000,0x000000ce60a00000) (1024K)]
  0x000002b4ff9a0a90 JavaThread "Framework Event Dispatcher: Equinox Container: bfa39d9e-2d6c-47d9-8fda-91c14bc09b2d" daemon [_thread_blocked, id=13104, stack(0x000000ce5fc00000,0x000000ce5fd00000) (1024K)]
  0x000002b4ff99f6e0 JavaThread "Start Level: Equinox Container: bfa39d9e-2d6c-47d9-8fda-91c14bc09b2d" daemon [_thread_blocked, id=14364, stack(0x000000ce60a00000,0x000000ce60b00000) (1024K)]
  0x000002b4ff99fd70 JavaThread "Bundle File Closer"         daemon [_thread_blocked, id=4364, stack(0x000000ce60c00000,0x000000ce60d00000) (1024K)]
  0x000002b4ff9a1120 JavaThread "Refresh Thread: Equinox Container: bfa39d9e-2d6c-47d9-8fda-91c14bc09b2d" daemon [_thread_blocked, id=18444, stack(0x000000ce60d00000,0x000000ce60e00000) (1024K)]
  0x000002b4ff9a17b0 JavaThread "SCR Component Actor"        daemon [_thread_blocked, id=11516, stack(0x000000ce60f00000,0x000000ce61000000) (1024K)]
  0x000002b4ff9a24d0 JavaThread "Worker-JM"                         [_thread_blocked, id=2584, stack(0x000000ce60e00000,0x000000ce60f00000) (1024K)]
  0x000002b4ff6553b0 JavaThread "Java indexing"              daemon [_thread_blocked, id=27876, stack(0x000000ce60400000,0x000000ce60500000) (1024K)]
  0x000002b4ff654690 JavaThread "JNA Cleaner"                daemon [_thread_blocked, id=18528, stack(0x000000ce60800000,0x000000ce60900000) (1024K)]
  0x000002b4ff6525c0 JavaThread "Thread-1"                   daemon [_thread_in_native, id=28128, stack(0x000000ce61600000,0x000000ce61700000) (1024K)]
  0x000002b4ff6560d0 JavaThread "Thread-2"                   daemon [_thread_in_native, id=28944, stack(0x000000ce61700000,0x000000ce61800000) (1024K)]
  0x000002b4ff652c50 JavaThread "Thread-3"                   daemon [_thread_in_native, id=4664, stack(0x000000ce61800000,0x000000ce61900000) (1024K)]
  0x000002b4ff659be0 JavaThread "Thread-4"                   daemon [_thread_in_native, id=17692, stack(0x000000ce61900000,0x000000ce61a00000) (1024K)]
  0x000002b4ff6581a0 JavaThread "Thread-5"                   daemon [_thread_in_native, id=27104, stack(0x000000ce61a00000,0x000000ce61b00000) (1024K)]
  0x000002b4ff658ec0 JavaThread "Thread-6"                   daemon [_thread_in_native, id=20188, stack(0x000000ce61b00000,0x000000ce61c00000) (1024K)]
  0x000002b4ff659550 JavaThread "Thread-7"                   daemon [_thread_in_native, id=6068, stack(0x000000ce61c00000,0x000000ce61d00000) (1024K)]
  0x000002b4ff658830 JavaThread "Thread-8"                   daemon [_thread_in_native, id=26784, stack(0x000000ce61d00000,0x000000ce61e00000) (1024K)]
  0x000002b4ff656760 JavaThread "Thread-9"                   daemon [_thread_in_native, id=5684, stack(0x000000ce61e00000,0x000000ce61f00000) (1024K)]
  0x000002b4ff656df0 JavaThread "pool-2-thread-1"                   [_thread_blocked, id=20792, stack(0x000000ce61f00000,0x000000ce62000000) (1024K)]
  0x000002b4ff657b10 JavaThread "WorkspaceEventsHandler"            [_thread_blocked, id=21700, stack(0x000000ce62000000,0x000000ce62100000) (1024K)]
  0x000002b4ff9a1e40 JavaThread "pool-1-thread-1"                   [_thread_blocked, id=14636, stack(0x000000ce62100000,0x000000ce62200000) (1024K)]
  0x000002b4d87eba90 JavaThread "Worker-11"                         [_thread_blocked, id=26992, stack(0x000000ce5eb00000,0x000000ce5ec00000) (1024K)]
  0x000002b4d87ead70 JavaThread "Worker-13"                         [_thread_blocked, id=16320, stack(0x000000ce5ed00000,0x000000ce5ee00000) (1024K)]
Total: 34

Other Threads:
  0x000002b4f9b81470 VMThread "VM Thread"                           [id=26264, stack(0x000000ce5f100000,0x000000ce5f200000) (1024K)]
  0x000002b4f9c9b960 WatcherThread "VM Periodic Task Thread"        [id=1788, stack(0x000000ce5f000000,0x000000ce5f100000) (1024K)]
  0x000002b4f9c4cd60 WorkerThread "GC Thread#0"                     [id=21116, stack(0x000000ce5ef00000,0x000000ce5f000000) (1024K)]
  0x000002b4ff7885b0 WorkerThread "GC Thread#1"                     [id=12460, stack(0x000000ce5fd00000,0x000000ce5fe00000) (1024K)]
  0x000002b4ff8cdad0 WorkerThread "GC Thread#2"                     [id=24144, stack(0x000000ce5fe00000,0x000000ce5ff00000) (1024K)]
  0x000002b4ff8cd370 WorkerThread "GC Thread#3"                     [id=8140, stack(0x000000ce5ff00000,0x000000ce60000000) (1024K)]
  0x000002b4ff8ccfc0 WorkerThread "GC Thread#4"                     [id=17348, stack(0x000000ce60000000,0x000000ce60100000) (1024K)]
  0x000002b4ff8cde80 WorkerThread "GC Thread#5"                     [id=10200, stack(0x000000ce60100000,0x000000ce60200000) (1024K)]
  0x000002b4ff8cc860 WorkerThread "GC Thread#6"                     [id=13420, stack(0x000000ce60200000,0x000000ce60300000) (1024K)]
  0x000002b4ff8ce230 WorkerThread "GC Thread#7"                     [id=3544, stack(0x000000ce60b00000,0x000000ce60c00000) (1024K)]
Total: 10

Threads with active compile tasks:
Total: 0

VM state: not at safepoint (normal execution)

VM Mutex/Monitor currently owned by a thread: None

Heap address: 0x0000000080000000, size: 2048 MB, Compressed Oops mode: 32-bit

CDS archive(s) mapped at: [0x000002b493000000-0x000002b493ba0000-0x000002b493ba0000), size 12189696, SharedBaseAddress: 0x000002b493000000, ArchiveRelocationMode: 1.
Compressed class space mapped at: 0x000002b494000000-0x000002b4d4000000, reserved size: 1073741824
Narrow klass base: 0x000002b493000000, Narrow klass shift: 0, Narrow klass range: 0x100000000

GC Precious Log:
 CardTable entry size: 512
 CPUs: 8 total, 8 available
 Memory: 16124M
 Large Page Support: Disabled
 NUMA Support: Disabled
 Compressed Oops: Enabled (32-bit)
 Alignments: Space 512K, Generation 512K, Heap 2M
 Heap Min Capacity: 100M
 Heap Initial Capacity: 100M
 Heap Max Capacity: 2G
 Pre-touch: Disabled
 Parallel Workers: 8

Heap:
 PSYoungGen      total 11776K, used 4322K [0x00000000d5580000, 0x00000000d6400000, 0x0000000100000000)
  eden space 11264K, 34% used [0x00000000d5580000,0x00000000d59589d8,0x00000000d6080000)
  from space 512K, 75% used [0x00000000d6380000,0x00000000d63e0000,0x00000000d6400000)
  to   space 1024K, 0% used [0x00000000d6200000,0x00000000d6200000,0x00000000d6300000)
 ParOldGen       total 1097216K, used 1095613K [0x0000000080000000, 0x00000000c2f80000, 0x00000000d5580000)
  object space 1097216K, 99% used [0x0000000080000000,0x00000000c2def6a8,0x00000000c2f80000)
 Metaspace       used 81995K, committed 83776K, reserved 1179648K
  class space    used 8526K, committed 9344K, reserved 1048576K

Card table byte_map: [0x000002b4f95d0000,0x000002b4f99e0000] _byte_map_base: 0x000002b4f91d0000

Marking Bits: (ParMarkBitMap*) 0x00007ffb8a493450
 Begin Bits: [0x000002b48f000000, 0x000002b491000000)
 End Bits:   [0x000002b491000000, 0x000002b493000000)

Polling page: 0x000002b4f7a60000

Metaspace:

Usage:
  Non-class:     71.75 MB used.
      Class:      8.33 MB used.
       Both:     80.07 MB used.

Virtual space:
  Non-class space:      128.00 MB reserved,      72.69 MB ( 57%) committed,  2 nodes.
      Class space:        1.00 GB reserved,       9.12 MB ( <1%) committed,  1 nodes.
             Both:        1.12 GB reserved,      81.81 MB (  7%) committed. 

Chunk freelists:
   Non-Class:  7.25 MB
       Class:  6.72 MB
        Both:  13.97 MB

MaxMetaspaceSize: unlimited
CompressedClassSpaceSize: 1.00 GB
Initial GC threshold: 21.00 MB
Current GC threshold: 97.31 MB
CDS: on
 - commit_granule_bytes: 65536.
 - commit_granule_words: 8192.
 - virtual_space_node_default_size: 8388608.
 - enlarge_chunks_in_place: 1.
 - use_allocation_guard: 0.


Internal statistics:

num_allocs_failed_limit: 9.
num_arena_births: 1526.
num_arena_deaths: 40.
num_vsnodes_births: 3.
num_vsnodes_deaths: 0.
num_space_committed: 1309.
num_space_uncommitted: 0.
num_chunks_returned_to_freelist: 56.
num_chunks_taken_from_freelist: 5340.
num_chunk_merges: 13.
num_chunk_splits: 3237.
num_chunks_enlarged: 1852.
num_inconsistent_stats: 0.

CodeHeap 'non-profiled nmethods': size=120000Kb used=18440Kb max_used=18440Kb free=101559Kb
 bounds [0x000002b487ad0000, 0x000002b488ce0000, 0x000002b48f000000]
CodeHeap 'profiled nmethods': size=120000Kb used=44025Kb max_used=44025Kb free=75974Kb
 bounds [0x000002b480000000, 0x000002b482b00000, 0x000002b487530000]
CodeHeap 'non-nmethods': size=5760Kb used=1514Kb max_used=1584Kb free=4245Kb
 bounds [0x000002b487530000, 0x000002b4877a0000, 0x000002b487ad0000]
CodeCache: size=245760Kb, used=63979Kb, max_used=64049Kb, free=181778Kb
 total_blobs=18381, nmethods=17557, adapters=728, full_count=0
Compilation: enabled, stopped_count=0, restarted_count=0

Compilation events (20 events):
Event: 3790.014 Thread 0x000002b4f9bdae70 18473       4       com.sun.org.apache.xerces.internal.dom.DeferredDocumentImpl::appendChild (81 bytes)
Event: 3790.017 Thread 0x000002b4f9bdae70 nmethod 18473 0x000002b488ccd990 code [0x000002b488ccdb80, 0x000002b488cce148]
Event: 3790.017 Thread 0x000002b4f9bdae70 18474       4       com.sun.org.apache.xerces.internal.dom.ParentNode::hasChildNodes (24 bytes)
Event: 3790.027 Thread 0x000002b4f9bdae70 nmethod 18474 0x000002b488cce710 code [0x000002b488cce920, 0x000002b488ccf0f0]
Event: 3790.027 Thread 0x000002b4f9bdae70 18476       4       org.eclipse.jdt.core.compiler.CharOperation::splitAndTrimOn (269 bytes)
Event: 3790.045 Thread 0x000002b4f9bdae70 nmethod 18476 0x000002b488ccf890 code [0x000002b488ccfaa0, 0x000002b488cd0a30]
Event: 3790.045 Thread 0x000002b4f9bdae70 18478       4       org.eclipse.core.internal.dtree.AbstractDataTreeNode::size (6 bytes)
Event: 3790.046 Thread 0x000002b4f9bdae70 nmethod 18478 0x000002b488cd1010 code [0x000002b488cd11a0, 0x000002b488cd1240]
Event: 3790.046 Thread 0x000002b4f9bdae70 18477       4       org.eclipse.jdt.internal.core.ExternalFoldersManager::getFolder (14 bytes)
Event: 3790.048 Thread 0x000002b4f9bdae70 nmethod 18477 0x000002b488cd1310 code [0x000002b488cd14c0, 0x000002b488cd18b0]
Event: 3790.048 Thread 0x000002b4f9bdae70 18475       4       java.net.URI::appendFragment (27 bytes)
Event: 3790.049 Thread 0x000002b4f9bdae70 nmethod 18475 0x000002b488cd1a90 code [0x000002b488cd1c20, 0x000002b488cd1cc8]
Event: 3880.342 Thread 0x000002b4f9bdcf20 18479       1       com.sun.jna.internal.Cleaner::access$200 (5 bytes)
Event: 3880.342 Thread 0x000002b4f9bdcf20 nmethod 18479 0x000002b488cd1d90 code [0x000002b488cd1f20, 0x000002b488cd1fd0]
Event: 3920.621 Thread 0x000002b4f9bdcf20 18480       3       org.eclipse.core.internal.resources.MarkerAttributeMap::shareStrings (92 bytes)
Event: 3920.622 Thread 0x000002b4f9bdcf20 nmethod 18480 0x000002b482afc310 code [0x000002b482afc5a0, 0x000002b482afd450]
Event: 3929.305 Thread 0x000002b4f9bdcf20 18481       3       java.lang.ProcessHandleImpl::get (51 bytes)
Event: 3929.305 Thread 0x000002b4f9bdcf20 nmethod 18481 0x000002b482afd790 code [0x000002b482afd9a0, 0x000002b482afdfa8]
Event: 3929.305 Thread 0x000002b4f9bdcf20 18482       3       java.lang.ProcessHandleImpl::isAlive (44 bytes)
Event: 3929.305 Thread 0x000002b4f9bdcf20 nmethod 18482 0x000002b482afe210 code [0x000002b482afe3c0, 0x000002b482afe620]

GC Heap History (20 events):
Event: 2420.361 GC heap before
{Heap before GC invocations=1736 (full 3):
 PSYoungGen      total 9728K, used 9376K [0x00000000d5580000, 0x00000000d6680000, 0x0000000100000000)
  eden space 5120K, 100% used [0x00000000d5580000,0x00000000d5a80000,0x00000000d5a80000)
  from space 4608K, 92% used [0x00000000d6200000,0x00000000d6628000,0x00000000d6680000)
  to   space 5632K, 0% used [0x00000000d5b80000,0x00000000d5b80000,0x00000000d6100000)
 ParOldGen       total 1023488K, used 1023328K [0x0000000080000000, 0x00000000be780000, 0x00000000d5580000)
  object space 1023488K, 99% used [0x0000000080000000,0x00000000be7580f0,0x00000000be780000)
 Metaspace       used 78399K, committed 80128K, reserved 1179648K
  class space    used 8115K, committed 8896K, reserved 1048576K
}
Event: 2420.368 GC heap after
{Heap after GC invocations=1736 (full 3):
 PSYoungGen      total 11264K, used 4917K [0x00000000d5580000, 0x00000000d6580000, 0x0000000100000000)
  eden space 6144K, 0% used [0x00000000d5580000,0x00000000d5580000,0x00000000d5b80000)
  from space 5120K, 96% used [0x00000000d5b80000,0x00000000d604d550,0x00000000d6080000)
  to   space 5120K, 0% used [0x00000000d6080000,0x00000000d6080000,0x00000000d6580000)
 ParOldGen       total 1027584K, used 1027464K [0x0000000080000000, 0x00000000beb80000, 0x00000000d5580000)
  object space 1027584K, 99% used [0x0000000080000000,0x00000000beb620f0,0x00000000beb80000)
 Metaspace       used 78399K, committed 80128K, reserved 1179648K
  class space    used 8115K, committed 8896K, reserved 1048576K
}
Event: 2420.387 GC heap before
{Heap before GC invocations=1737 (full 3):
 PSYoungGen      total 11264K, used 11061K [0x00000000d5580000, 0x00000000d6580000, 0x0000000100000000)
  eden space 6144K, 100% used [0x00000000d5580000,0x00000000d5b80000,0x00000000d5b80000)
  from space 5120K, 96% used [0x00000000d5b80000,0x00000000d604d550,0x00000000d6080000)
  to   space 5120K, 0% used [0x00000000d6080000,0x00000000d6080000,0x00000000d6580000)
 ParOldGen       total 1027584K, used 1027464K [0x0000000080000000, 0x00000000beb80000, 0x00000000d5580000)
  object space 1027584K, 99% used [0x0000000080000000,0x00000000beb620f0,0x00000000beb80000)
 Metaspace       used 78432K, committed 80128K, reserved 1179648K
  class space    used 8117K, committed 8896K, reserved 1048576K
}
Event: 2420.393 GC heap after
{Heap after GC invocations=1737 (full 3):
 PSYoungGen      total 8192K, used 256K [0x00000000d5580000, 0x00000000d6100000, 0x0000000100000000)
  eden space 7680K, 0% used [0x00000000d5580000,0x00000000d5580000,0x00000000d5d00000)
  from space 512K, 50% used [0x00000000d6080000,0x00000000d60c0000,0x00000000d6100000)
  to   space 2048K, 0% used [0x00000000d5d00000,0x00000000d5d00000,0x00000000d5f00000)
 ParOldGen       total 1030144K, used 1029896K [0x0000000080000000, 0x00000000bee00000, 0x00000000d5580000)
  object space 1030144K, 99% used [0x0000000080000000,0x00000000bedc20f0,0x00000000bee00000)
 Metaspace       used 78432K, committed 80128K, reserved 1179648K
  class space    used 8117K, committed 8896K, reserved 1048576K
}
Event: 2420.415 GC heap before
{Heap before GC invocations=1738 (full 3):
 PSYoungGen      total 8192K, used 7936K [0x00000000d5580000, 0x00000000d6100000, 0x0000000100000000)
  eden space 7680K, 100% used [0x00000000d5580000,0x00000000d5d00000,0x00000000d5d00000)
  from space 512K, 50% used [0x00000000d6080000,0x00000000d60c0000,0x00000000d6100000)
  to   space 2048K, 0% used [0x00000000d5d00000,0x00000000d5d00000,0x00000000d5f00000)
 ParOldGen       total 1030144K, used 1029896K [0x0000000080000000, 0x00000000bee00000, 0x00000000d5580000)
  object space 1030144K, 99% used [0x0000000080000000,0x00000000bedc20f0,0x00000000bee00000)
 Metaspace       used 78482K, committed 80128K, reserved 1179648K
  class space    used 8123K, committed 8896K, reserved 1048576K
}
Event: 2420.418 GC heap after
{Heap after GC invocations=1738 (full 3):
 PSYoungGen      total 9728K, used 728K [0x00000000d5580000, 0x00000000d6100000, 0x0000000100000000)
  eden space 7680K, 0% used [0x00000000d5580000,0x00000000d5580000,0x00000000d5d00000)
  from space 2048K, 35% used [0x00000000d5d00000,0x00000000d5db61b8,0x00000000d5f00000)
  to   space 1024K, 0% used [0x00000000d6000000,0x00000000d6000000,0x00000000d6100000)
 ParOldGen       total 1030144K, used 1029936K [0x0000000080000000, 0x00000000bee00000, 0x00000000d5580000)
  object space 1030144K, 99% used [0x0000000080000000,0x00000000bedcc0f0,0x00000000bee00000)
 Metaspace       used 78482K, committed 80128K, reserved 1179648K
  class space    used 8123K, committed 8896K, reserved 1048576K
}
Event: 2420.442 GC heap before
{Heap before GC invocations=1739 (full 3):
 PSYoungGen      total 9728K, used 8354K [0x00000000d5580000, 0x00000000d6100000, 0x0000000100000000)
  eden space 7680K, 99% used [0x00000000d5580000,0x00000000d5cf26e0,0x00000000d5d00000)
  from space 2048K, 35% used [0x00000000d5d00000,0x00000000d5db61b8,0x00000000d5f00000)
  to   space 1024K, 0% used [0x00000000d6000000,0x00000000d6000000,0x00000000d6100000)
 ParOldGen       total 1030144K, used 1029936K [0x0000000080000000, 0x00000000bee00000, 0x00000000d5580000)
  object space 1030144K, 99% used [0x0000000080000000,0x00000000bedcc0f0,0x00000000bee00000)
 Metaspace       used 78512K, committed 80192K, reserved 1179648K
  class space    used 8125K, committed 8896K, reserved 1048576K
}
Event: 2420.444 GC heap after
{Heap after GC invocations=1739 (full 3):
 PSYoungGen      total 9728K, used 416K [0x00000000d5580000, 0x00000000d6080000, 0x0000000100000000)
  eden space 9216K, 0% used [0x00000000d5580000,0x00000000d5580000,0x00000000d5e80000)
  from space 512K, 81% used [0x00000000d6000000,0x00000000d6068000,0x00000000d6080000)
  to   space 1024K, 0% used [0x00000000d5e80000,0x00000000d5e80000,0x00000000d5f80000)
 ParOldGen       total 1030656K, used 1030445K [0x0000000080000000, 0x00000000bee80000, 0x00000000d5580000)
  object space 1030656K, 99% used [0x0000000080000000,0x00000000bee4b400,0x00000000bee80000)
 Metaspace       used 78512K, committed 80192K, reserved 1179648K
  class space    used 8125K, committed 8896K, reserved 1048576K
}
Event: 2420.453 GC heap before
{Heap before GC invocations=1740 (full 3):
 PSYoungGen      total 9728K, used 9632K [0x00000000d5580000, 0x00000000d6080000, 0x0000000100000000)
  eden space 9216K, 100% used [0x00000000d5580000,0x00000000d5e80000,0x00000000d5e80000)
  from space 512K, 81% used [0x00000000d6000000,0x00000000d6068000,0x00000000d6080000)
  to   space 1024K, 0% used [0x00000000d5e80000,0x00000000d5e80000,0x00000000d5f80000)
 ParOldGen       total 1030656K, used 1030445K [0x0000000080000000, 0x00000000bee80000, 0x00000000d5580000)
  object space 1030656K, 99% used [0x0000000080000000,0x00000000bee4b400,0x00000000bee80000)
 Metaspace       used 78522K, committed 80192K, reserved 1179648K
  class space    used 8126K, committed 8896K, reserved 1048576K
}
Event: 2420.456 GC heap after
{Heap after GC invocations=1740 (full 3):
 PSYoungGen      total 10240K, used 1024K [0x00000000d5580000, 0x00000000d6480000, 0x0000000100000000)
  eden space 9216K, 0% used [0x00000000d5580000,0x00000000d5580000,0x00000000d5e80000)
  from space 1024K, 100% used [0x00000000d5e80000,0x00000000d5f80000,0x00000000d5f80000)
  to   space 2048K, 0% used [0x00000000d6280000,0x00000000d6280000,0x00000000d6480000)
 ParOldGen       total 1031168K, used 1030829K [0x0000000080000000, 0x00000000bef00000, 0x00000000d5580000)
  object space 1031168K, 99% used [0x0000000080000000,0x00000000beeab400,0x00000000bef00000)
 Metaspace       used 78522K, committed 80192K, reserved 1179648K
  class space    used 8126K, committed 8896K, reserved 1048576K
}
Event: 2420.462 GC heap before
{Heap before GC invocations=1741 (full 3):
 PSYoungGen      total 10240K, used 10240K [0x00000000d5580000, 0x00000000d6480000, 0x0000000100000000)
  eden space 9216K, 100% used [0x00000000d5580000,0x00000000d5e80000,0x00000000d5e80000)
  from space 1024K, 100% used [0x00000000d5e80000,0x00000000d5f80000,0x00000000d5f80000)
  to   space 2048K, 0% used [0x00000000d6280000,0x00000000d6280000,0x00000000d6480000)
 ParOldGen       total 1031168K, used 1030829K [0x0000000080000000, 0x00000000bef00000, 0x00000000d5580000)
  object space 1031168K, 99% used [0x0000000080000000,0x00000000beeab400,0x00000000bef00000)
 Metaspace       used 78522K, committed 80192K, reserved 1179648K
  class space    used 8126K, committed 8896K, reserved 1048576K
}
Event: 2420.465 GC heap after
{Heap after GC invocations=1741 (full 3):
 PSYoungGen      total 12288K, used 832K [0x00000000d5580000, 0x00000000d6380000, 0x0000000100000000)
  eden space 11264K, 0% used [0x00000000d5580000,0x00000000d5580000,0x00000000d6080000)
  from space 1024K, 81% used [0x00000000d6280000,0x00000000d6350000,0x00000000d6380000)
  to   space 1536K, 0% used [0x00000000d6080000,0x00000000d6080000,0x00000000d6200000)
 ParOldGen       total 1032192K, used 1031845K [0x0000000080000000, 0x00000000bf000000, 0x00000000d5580000)
  object space 1032192K, 99% used [0x0000000080000000,0x00000000befa9400,0x00000000bf000000)
 Metaspace       used 78522K, committed 80192K, reserved 1179648K
  class space    used 8126K, committed 8896K, reserved 1048576K
}
Event: 2420.472 GC heap before
{Heap before GC invocations=1742 (full 3):
 PSYoungGen      total 12288K, used 12096K [0x00000000d5580000, 0x00000000d6380000, 0x0000000100000000)
  eden space 11264K, 100% used [0x00000000d5580000,0x00000000d6080000,0x00000000d6080000)
  from space 1024K, 81% used [0x00000000d6280000,0x00000000d6350000,0x00000000d6380000)
  to   space 1536K, 0% used [0x00000000d6080000,0x00000000d6080000,0x00000000d6200000)
 ParOldGen       total 1032192K, used 1031845K [0x0000000080000000, 0x00000000bf000000, 0x00000000d5580000)
  object space 1032192K, 99% used [0x0000000080000000,0x00000000befa9400,0x00000000bf000000)
 Metaspace       used 78522K, committed 80192K, reserved 1179648K
  class space    used 8126K, committed 8896K, reserved 1048576K
}
Event: 2420.474 GC heap after
{Heap after GC invocations=1742 (full 3):
 PSYoungGen      total 12800K, used 576K [0x00000000d5580000, 0x00000000d6500000, 0x0000000100000000)
  eden space 11264K, 0% used [0x00000000d5580000,0x00000000d5580000,0x00000000d6080000)
  from space 1536K, 37% used [0x00000000d6080000,0x00000000d6110000,0x00000000d6200000)
  to   space 1024K, 0% used [0x00000000d6400000,0x00000000d6400000,0x00000000d6500000)
 ParOldGen       total 1032704K, used 1032237K [0x0000000080000000, 0x00000000bf080000, 0x00000000d5580000)
  object space 1032704K, 99% used [0x0000000080000000,0x00000000bf00b400,0x00000000bf080000)
 Metaspace       used 78522K, committed 80192K, reserved 1179648K
  class space    used 8126K, committed 8896K, reserved 1048576K
}
Event: 2420.727 GC heap before
{Heap before GC invocations=1743 (full 3):
 PSYoungGen      total 12800K, used 11840K [0x00000000d5580000, 0x00000000d6500000, 0x0000000100000000)
  eden space 11264K, 100% used [0x00000000d5580000,0x00000000d6080000,0x00000000d6080000)
  from space 1536K, 37% used [0x00000000d6080000,0x00000000d6110000,0x00000000d6200000)
  to   space 1024K, 0% used [0x00000000d6400000,0x00000000d6400000,0x00000000d6500000)
 ParOldGen       total 1032704K, used 1032237K [0x0000000080000000, 0x00000000bf080000, 0x00000000d5580000)
  object space 1032704K, 99% used [0x0000000080000000,0x00000000bf00b400,0x00000000bf080000)
 Metaspace       used 79365K, committed 81088K, reserved 1179648K
  class space    used 8192K, committed 8960K, reserved 1048576K
}
Event: 2420.730 GC heap after
{Heap after GC invocations=1743 (full 3):
 PSYoungGen      total 12288K, used 992K [0x00000000d5580000, 0x00000000d6500000, 0x0000000100000000)
  eden space 11264K, 0% used [0x00000000d5580000,0x00000000d5580000,0x00000000d6080000)
  from space 1024K, 96% used [0x00000000d6400000,0x00000000d64f8048,0x00000000d6500000)
  to   space 1536K, 0% used [0x00000000d6200000,0x00000000d6200000,0x00000000d6380000)
 ParOldGen       total 1033216K, used 1032778K [0x0000000080000000, 0x00000000bf100000, 0x00000000d5580000)
  object space 1033216K, 99% used [0x0000000080000000,0x00000000bf092b88,0x00000000bf100000)
 Metaspace       used 79365K, committed 81088K, reserved 1179648K
  class space    used 8192K, committed 8960K, reserved 1048576K
}
Event: 2420.898 GC heap before
{Heap before GC invocations=1744 (full 3):
 PSYoungGen      total 12288K, used 12232K [0x00000000d5580000, 0x00000000d6500000, 0x0000000100000000)
  eden space 11264K, 99% used [0x00000000d5580000,0x00000000d607a120,0x00000000d6080000)
  from space 1024K, 96% used [0x00000000d6400000,0x00000000d64f8048,0x00000000d6500000)
  to   space 1536K, 0% used [0x00000000d6200000,0x00000000d6200000,0x00000000d6380000)
 ParOldGen       total 1033216K, used 1032778K [0x0000000080000000, 0x00000000bf100000, 0x00000000d5580000)
  object space 1033216K, 99% used [0x0000000080000000,0x00000000bf092b88,0x00000000bf100000)
 Metaspace       used 81237K, committed 83008K, reserved 1179648K
  class space    used 8438K, committed 9216K, reserved 1048576K
}
Event: 2420.900 GC heap after
{Heap after GC invocations=1744 (full 3):
 PSYoungGen      total 12800K, used 733K [0x00000000d5580000, 0x00000000d6480000, 0x0000000100000000)
  eden space 11264K, 0% used [0x00000000d5580000,0x00000000d5580000,0x00000000d6080000)
  from space 1536K, 47% used [0x00000000d6200000,0x00000000d62b75d8,0x00000000d6380000)
  to   space 1024K, 0% used [0x00000000d6380000,0x00000000d6380000,0x00000000d6480000)
 ParOldGen       total 1033728K, used 1033629K [0x0000000080000000, 0x00000000bf180000, 0x00000000d5580000)
  object space 1033728K, 99% used [0x0000000080000000,0x00000000bf167688,0x00000000bf180000)
 Metaspace       used 81237K, committed 83008K, reserved 1179648K
  class space    used 8438K, committed 9216K, reserved 1048576K
}
Event: 3491.286 GC heap before
{Heap before GC invocations=1745 (full 3):
 PSYoungGen      total 12800K, used 11997K [0x00000000d5580000, 0x00000000d6480000, 0x0000000100000000)
  eden space 11264K, 100% used [0x00000000d5580000,0x00000000d6080000,0x00000000d6080000)
  from space 1536K, 47% used [0x00000000d6200000,0x00000000d62b75d8,0x00000000d6380000)
  to   space 1024K, 0% used [0x00000000d6380000,0x00000000d6380000,0x00000000d6480000)
 ParOldGen       total 1097216K, used 1095069K [0x0000000080000000, 0x00000000c2f80000, 0x00000000d5580000)
  object space 1097216K, 99% used [0x0000000080000000,0x00000000c2d676e8,0x00000000c2f80000)
 Metaspace       used 81981K, committed 83776K, reserved 1179648K
  class space    used 8526K, committed 9344K, reserved 1048576K
}
Event: 3491.291 GC heap after
{Heap after GC invocations=1745 (full 3):
 PSYoungGen      total 11776K, used 384K [0x00000000d5580000, 0x00000000d6400000, 0x0000000100000000)
  eden space 11264K, 0% used [0x00000000d5580000,0x00000000d5580000,0x00000000d6080000)
  from space 512K, 75% used [0x00000000d6380000,0x00000000d63e0000,0x00000000d6400000)
  to   space 1024K, 0% used [0x00000000d6200000,0x00000000d6200000,0x00000000d6300000)
 ParOldGen       total 1097216K, used 1095613K [0x0000000080000000, 0x00000000c2f80000, 0x00000000d5580000)
  object space 1097216K, 99% used [0x0000000080000000,0x00000000c2def6a8,0x00000000c2f80000)
 Metaspace       used 81981K, committed 83776K, reserved 1179648K
  class space    used 8526K, committed 9344K, reserved 1048576K
}

Dll operation events (14 events):
Event: 0.023 Loaded shared library c:\Users\hp\.vscode\extensions\redhat.java-1.54.0-win32-x64\jre\21.0.10-win32-x86_64\bin\java.dll
Event: 0.404 Loaded shared library c:\Users\hp\.vscode\extensions\redhat.java-1.54.0-win32-x64\jre\21.0.10-win32-x86_64\bin\zip.dll
Event: 0.524 Loaded shared library C:\Users\hp\.vscode\extensions\redhat.java-1.54.0-win32-x64\jre\21.0.10-win32-x86_64\bin\instrument.dll
Event: 0.590 Loaded shared library C:\Users\hp\.vscode\extensions\redhat.java-1.54.0-win32-x64\jre\21.0.10-win32-x86_64\bin\net.dll
Event: 0.618 Loaded shared library C:\Users\hp\.vscode\extensions\redhat.java-1.54.0-win32-x64\jre\21.0.10-win32-x86_64\bin\nio.dll
Event: 0.623 Loaded shared library C:\Users\hp\.vscode\extensions\redhat.java-1.54.0-win32-x64\jre\21.0.10-win32-x86_64\bin\zip.dll
Event: 0.654 Loaded shared library C:\Users\hp\.vscode\extensions\redhat.java-1.54.0-win32-x64\jre\21.0.10-win32-x86_64\bin\jimage.dll
Event: 0.828 Loaded shared library c:\Users\hp\.vscode\extensions\redhat.java-1.54.0-win32-x64\jre\21.0.10-win32-x86_64\bin\verify.dll
Event: 11.690 Loaded shared library C:\Users\hp\AppData\Roaming\Code\User\globalStorage\redhat.java\1.54.0\config_win\org.eclipse.equinox.launcher\org.eclipse.equinox.launcher.win32.win32.x86_64_1.3.0.v20260203-2149\eclipse_11919.dll
Event: 20.336 Loaded shared library C:\Users\hp\.vscode\extensions\redhat.java-1.54.0-win32-x64\jre\21.0.10-win32-x86_64\bin\management.dll
Event: 20.341 Loaded shared library C:\Users\hp\.vscode\extensions\redhat.java-1.54.0-win32-x64\jre\21.0.10-win32-x86_64\bin\management_ext.dll
Event: 25.540 Loaded shared library C:\Users\hp\AppData\Local\Temp\jna-3336\jna2984732467563004117.dll
Event: 26.123 Loaded shared library C:\Users\hp\.vscode\extensions\redhat.java-1.54.0-win32-x64\jre\21.0.10-win32-x86_64\bin\sunmscapi.dll
Event: 28.007 Loaded shared library C:\Users\hp\.vscode\extensions\redhat.java-1.54.0-win32-x64\jre\21.0.10-win32-x86_64\bin\extnet.dll

Deoptimization events (20 events):
Event: 2420.936 Thread 0x000002b4d87e9330 Uncommon trap: trap_request=0xffffffde fr.pc=0x000002b487f93558 relative=0x0000000000000598
Event: 2420.936 Thread 0x000002b4d87e9330 Uncommon trap: reason=class_check action=maybe_recompile pc=0x000002b487f93558 method=java.lang.AbstractStringBuilder.append(Ljava/lang/CharSequence;II)Ljava/lang/AbstractStringBuilder; @ 10 c2
Event: 2420.936 Thread 0x000002b4d87e9330 DEOPT PACKING pc=0x000002b487f93558 sp=0x000000ce5edfdf30
Event: 2420.936 Thread 0x000002b4d87e9330 DEOPT UNPACKING pc=0x000002b487586da2 sp=0x000000ce5edfdf18 mode 2
Event: 3489.968 Thread 0x000002b4d87ed4d0 Uncommon trap: trap_request=0xffffffbe fr.pc=0x000002b488c7daa8 relative=0x0000000000000108
Event: 3489.968 Thread 0x000002b4d87ed4d0 Uncommon trap: reason=profile_predicate action=maybe_recompile pc=0x000002b488c7daa8 method=org.eclipse.jdt.core.compiler.CharOperation.splitAndTrimOn(C[C)[[C @ 175 c2
Event: 3489.968 Thread 0x000002b4d87ed4d0 DEOPT PACKING pc=0x000002b488c7daa8 sp=0x000000ce5ecfe6c0
Event: 3489.968 Thread 0x000002b4d87ed4d0 DEOPT UNPACKING pc=0x000002b487586da2 sp=0x000000ce5ecfe628 mode 2
Event: 3489.978 Thread 0x000002b4d87ed4d0 Uncommon trap: trap_request=0xffffffbe fr.pc=0x000002b488c7daa8 relative=0x0000000000000108
Event: 3489.978 Thread 0x000002b4d87ed4d0 Uncommon trap: reason=profile_predicate action=maybe_recompile pc=0x000002b488c7daa8 method=org.eclipse.jdt.core.compiler.CharOperation.splitAndTrimOn(C[C)[[C @ 175 c2
Event: 3489.978 Thread 0x000002b4d87ed4d0 DEOPT PACKING pc=0x000002b488c7daa8 sp=0x000000ce5ecfe2f0
Event: 3489.978 Thread 0x000002b4d87ed4d0 DEOPT UNPACKING pc=0x000002b487586da2 sp=0x000000ce5ecfe258 mode 2
Event: 3489.978 Thread 0x000002b4d87ed4d0 Uncommon trap: trap_request=0xffffffbe fr.pc=0x000002b488c7daa8 relative=0x0000000000000108
Event: 3489.978 Thread 0x000002b4d87ed4d0 Uncommon trap: reason=profile_predicate action=maybe_recompile pc=0x000002b488c7daa8 method=org.eclipse.jdt.core.compiler.CharOperation.splitAndTrimOn(C[C)[[C @ 175 c2
Event: 3489.978 Thread 0x000002b4d87ed4d0 DEOPT PACKING pc=0x000002b488c7daa8 sp=0x000000ce5ecfe2f0
Event: 3489.978 Thread 0x000002b4d87ed4d0 DEOPT UNPACKING pc=0x000002b487586da2 sp=0x000000ce5ecfe258 mode 2
Event: 3489.978 Thread 0x000002b4d87ed4d0 Uncommon trap: trap_request=0xffffffbe fr.pc=0x000002b488c7daa8 relative=0x0000000000000108
Event: 3489.978 Thread 0x000002b4d87ed4d0 Uncommon trap: reason=profile_predicate action=maybe_recompile pc=0x000002b488c7daa8 method=org.eclipse.jdt.core.compiler.CharOperation.splitAndTrimOn(C[C)[[C @ 175 c2
Event: 3489.978 Thread 0x000002b4d87ed4d0 DEOPT PACKING pc=0x000002b488c7daa8 sp=0x000000ce5ecfe3c0
Event: 3489.978 Thread 0x000002b4d87ed4d0 DEOPT UNPACKING pc=0x000002b487586da2 sp=0x000000ce5ecfe328 mode 2

Classes loaded (20 events):
Event: 1374.934 Loading class java/io/SequenceInputStream
Event: 1374.935 Loading class java/io/SequenceInputStream done
Event: 1374.946 Loading class org/xml/sax/SAXNotRecognizedException
Event: 1374.946 Loading class org/xml/sax/SAXNotRecognizedException done
Event: 1374.946 Loading class org/xml/sax/SAXNotSupportedException
Event: 1374.946 Loading class org/xml/sax/SAXNotSupportedException done
Event: 1374.948 Loading class com/sun/org/apache/xerces/internal/util/URI
Event: 1374.948 Loading class com/sun/org/apache/xerces/internal/util/URI done
Event: 1374.949 Loading class com/sun/org/apache/xerces/internal/xni/XNIException
Event: 1374.950 Loading class com/sun/org/apache/xerces/internal/xni/XNIException done
Event: 1374.953 Loading class com/sun/org/apache/xerces/internal/xni/parser/XMLParseException
Event: 1374.953 Loading class com/sun/org/apache/xerces/internal/xni/parser/XMLParseException done
Event: 1375.221 Loading class java/nio/BufferMismatch
Event: 1375.221 Loading class java/nio/BufferMismatch done
Event: 2420.619 Loading class java/lang/UnsupportedClassVersionError
Event: 2420.619 Loading class java/lang/UnsupportedClassVersionError done
Event: 2420.772 Loading class java/util/function/IntPredicate
Event: 2420.772 Loading class java/util/function/IntPredicate done
Event: 2420.786 Loading class java/util/regex/Pattern$Bound
Event: 2420.786 Loading class java/util/regex/Pattern$Bound done

Classes unloaded (20 events):
Event: 23.821 Thread 0x000002b4f9b81470 Unloading class 0x000002b4941b0800 'java/lang/invoke/LambdaForm$MH+0x000002b4941b0800'
Event: 23.821 Thread 0x000002b4f9b81470 Unloading class 0x000002b4941b0400 'java/lang/invoke/LambdaForm$MH+0x000002b4941b0400'
Event: 23.821 Thread 0x000002b4f9b81470 Unloading class 0x000002b4941b0000 'java/lang/invoke/LambdaForm$MH+0x000002b4941b0000'
Event: 23.821 Thread 0x000002b4f9b81470 Unloading class 0x000002b4941afc00 'java/lang/invoke/LambdaForm$MH+0x000002b4941afc00'
Event: 23.821 Thread 0x000002b4f9b81470 Unloading class 0x000002b4941af800 'java/lang/invoke/LambdaForm$BMH+0x000002b4941af800'
Event: 23.821 Thread 0x000002b4f9b81470 Unloading class 0x000002b4941af400 'java/lang/invoke/LambdaForm$DMH+0x000002b4941af400'
Event: 23.821 Thread 0x000002b4f9b81470 Unloading class 0x000002b4941ae000 'java/lang/invoke/LambdaForm$DMH+0x000002b4941ae000'
Event: 26.144 Thread 0x000002b4f9b81470 Unloading class 0x000002b4942f3400 'java/lang/invoke/LambdaForm$MH+0x000002b4942f3400'
Event: 26.144 Thread 0x000002b4f9b81470 Unloading class 0x000002b4942f2800 'java/lang/invoke/LambdaForm$MH+0x000002b4942f2800'
Event: 26.144 Thread 0x000002b4f9b81470 Unloading class 0x000002b4942f2000 'java/lang/invoke/LambdaForm$MH+0x000002b4942f2000'
Event: 26.144 Thread 0x000002b4f9b81470 Unloading class 0x000002b4942f1800 'java/lang/invoke/LambdaForm$MH+0x000002b4942f1800'
Event: 26.144 Thread 0x000002b4f9b81470 Unloading class 0x000002b4942f1400 'java/lang/invoke/LambdaForm$DMH+0x000002b4942f1400'
Event: 26.144 Thread 0x000002b4f9b81470 Unloading class 0x000002b4942f0800 'java/lang/invoke/LambdaForm$MH+0x000002b4942f0800'
Event: 26.144 Thread 0x000002b4f9b81470 Unloading class 0x000002b4942e9000 'java/lang/invoke/LambdaForm$MH+0x000002b4942e9000'
Event: 26.144 Thread 0x000002b4f9b81470 Unloading class 0x000002b4942e8800 'java/lang/invoke/LambdaForm$MH+0x000002b4942e8800'
Event: 26.144 Thread 0x000002b4f9b81470 Unloading class 0x000002b4942e8000 'java/lang/invoke/LambdaForm$MH+0x000002b4942e8000'
Event: 26.144 Thread 0x000002b4f9b81470 Unloading class 0x000002b4942e7800 'java/lang/invoke/LambdaForm$MH+0x000002b4942e7800'
Event: 26.144 Thread 0x000002b4f9b81470 Unloading class 0x000002b4942e7000 'java/lang/invoke/LambdaForm$MH+0x000002b4942e7000'
Event: 26.144 Thread 0x000002b4f9b81470 Unloading class 0x000002b4942e6800 'java/lang/invoke/LambdaForm$MH+0x000002b4942e6800'
Event: 26.144 Thread 0x000002b4f9b81470 Unloading class 0x000002b4942e6400 'java/lang/invoke/LambdaForm$MH+0x000002b4942e6400'

Classes redefined (0 events):
No events

Internal exceptions (20 events):
Event: 1370.075 Thread 0x000002b4d87e9330 Exception <a 'sun/nio/fs/WindowsException'{0x00000000d5937550}> (0x00000000d5937550) 
thrown [s\src\hotspot\share\prims\jni.cpp, line 520]
Event: 1370.075 Thread 0x000002b4d87e9330 Exception <a 'sun/nio/fs/WindowsException'{0x00000000d5938050}> (0x00000000d5938050) 
thrown [s\src\hotspot\share\prims\jni.cpp, line 520]
Event: 1370.093 Thread 0x000002b4d87e9330 Exception <a 'sun/nio/fs/WindowsException'{0x00000000d5768d50}> (0x00000000d5768d50) 
thrown [s\src\hotspot\share\prims\jni.cpp, line 520]
Event: 1370.094 Thread 0x000002b4d87e9330 Exception <a 'sun/nio/fs/WindowsException'{0x00000000d5769850}> (0x00000000d5769850) 
thrown [s\src\hotspot\share\prims\jni.cpp, line 520]
Event: 1370.131 Thread 0x000002b4d87eba90 Exception <a 'sun/nio/fs/WindowsException'{0x00000000d5b88000}> (0x00000000d5b88000) 
thrown [s\src\hotspot\share\prims\jni.cpp, line 520]
Event: 1370.131 Thread 0x000002b4d87eba90 Exception <a 'sun/nio/fs/WindowsException'{0x00000000d55b3368}> (0x00000000d55b3368) 
thrown [s\src\hotspot\share\prims\jni.cpp, line 520]
Event: 1370.187 Thread 0x000002b4d87e9330 Exception <a 'sun/nio/fs/WindowsException'{0x00000000d587f740}> (0x00000000d587f740) 
thrown [s\src\hotspot\share\prims\jni.cpp, line 520]
Event: 1370.187 Thread 0x000002b4d87e9330 Exception <a 'sun/nio/fs/WindowsException'{0x00000000d5880240}> (0x00000000d5880240) 
thrown [s\src\hotspot\share\prims\jni.cpp, line 520]
Event: 1675.005 Thread 0x000002b4d87ed4d0 Exception <a 'sun/nio/fs/WindowsException'{0x00000000d5a587d8}> (0x00000000d5a587d8) 
thrown [s\src\hotspot\share\prims\jni.cpp, line 520]
Event: 1675.005 Thread 0x000002b4d87ed4d0 Exception <a 'sun/nio/fs/WindowsException'{0x00000000d5a592c0}> (0x00000000d5a592c0) 
thrown [s\src\hotspot\share\prims\jni.cpp, line 520]
Event: 2020.448 Thread 0x000002b4d87eba90 Exception <a 'sun/nio/fs/WindowsException'{0x00000000d55fe3e0}> (0x00000000d55fe3e0) 
thrown [s\src\hotspot\share\prims\jni.cpp, line 520]
Event: 2020.448 Thread 0x000002b4d87eba90 Exception <a 'sun/nio/fs/WindowsException'{0x00000000d55feee8}> (0x00000000d55feee8) 
thrown [s\src\hotspot\share\prims\jni.cpp, line 520]
Event: 2420.063 Thread 0x000002b4d87e9330 Implicit null exception at 0x000002b488ac14e4 to 0x000002b488ac2af8
Event: 2420.201 Thread 0x000002b4d87e9330 Exception <a 'sun/nio/fs/WindowsException'{0x00000000d55e2320}> (0x00000000d55e2320) 
thrown [s\src\hotspot\share\prims\jni.cpp, line 520]
Event: 2420.438 Thread 0x000002b4d87ece40 Implicit null exception at 0x000002b48835265a to 0x000002b4883526b3
Event: 2420.630 Thread 0x000002b4d87e9330 Exception <a 'java/lang/NoSuchMethodError'{0x00000000d5cb3768}: 'int java.lang.invoke.Invokers$Holder.invokeExact_MT(java.lang.Object, java.lang.Object)'> (0x00000000d5cb3768) 
thrown [s\src\hotspot\share\interpreter\linkResolver.cpp, line 773]
Event: 2420.772 Thread 0x000002b4d87e9330 Exception <a 'java/lang/NoSuchMethodError'{0x00000000d5757600}: 'int java.lang.invoke.DirectMethodHandle$Holder.invokeStaticInit(java.lang.Object, int)'> (0x00000000d5757600) 
thrown [s\src\hotspot\share\interpreter\linkResolver.cpp, line 773]
Event: 2420.932 Thread 0x000002b4d87e9330 Exception <a 'java/lang/NoSuchMethodError'{0x00000000d57bbbd8}: 'int java.lang.invoke.DirectMethodHandle$Holder.invokeSpecialIFC(java.lang.Object, java.lang.Object, int)'> (0x00000000d57bbbd8) 
thrown [s\src\hotspot\share\interpreter\linkResolver.cpp, line 773]
Event: 3789.868 Thread 0x000002b4d87ead70 Exception <a 'sun/nio/fs/WindowsException'{0x00000000d5759828}> (0x00000000d5759828) 
thrown [s\src\hotspot\share\prims\jni.cpp, line 520]
Event: 3789.868 Thread 0x000002b4d87ead70 Exception <a 'sun/nio/fs/WindowsException'{0x00000000d575a330}> (0x00000000d575a330) 
thrown [s\src\hotspot\share\prims\jni.cpp, line 520]

ZGC Phase Switch (0 events):
No events

VM Operations (20 events):
Event: 3668.429 Executing non-safepoint VM operation: RendezvousGCThreads
Event: 3668.429 Executing non-safepoint VM operation: RendezvousGCThreads done
Event: 3728.630 Executing non-safepoint VM operation: HandshakeAllThreads (HandshakeForDeflation)
Event: 3728.630 Executing non-safepoint VM operation: HandshakeAllThreads (HandshakeForDeflation) done
Event: 3728.631 Executing non-safepoint VM operation: RendezvousGCThreads
Event: 3728.631 Executing non-safepoint VM operation: RendezvousGCThreads done
Event: 3788.752 Executing non-safepoint VM operation: HandshakeAllThreads (HandshakeForDeflation)
Event: 3788.752 Executing non-safepoint VM operation: HandshakeAllThreads (HandshakeForDeflation) done
Event: 3788.752 Executing non-safepoint VM operation: RendezvousGCThreads
Event: 3788.752 Executing non-safepoint VM operation: RendezvousGCThreads done
Event: 3790.762 Executing safepoint VM operation: Cleanup
Event: 3790.762 Executing safepoint VM operation: Cleanup done
Event: 3848.766 Executing non-safepoint VM operation: HandshakeAllThreads (HandshakeForDeflation)
Event: 3848.766 Executing non-safepoint VM operation: HandshakeAllThreads (HandshakeForDeflation) done
Event: 3848.766 Executing non-safepoint VM operation: RendezvousGCThreads
Event: 3848.766 Executing non-safepoint VM operation: RendezvousGCThreads done
Event: 3968.972 Executing non-safepoint VM operation: HandshakeAllThreads (HandshakeForDeflation)
Event: 3968.972 Executing non-safepoint VM operation: HandshakeAllThreads (HandshakeForDeflation) done
Event: 3968.972 Executing non-safepoint VM operation: RendezvousGCThreads
Event: 3968.972 Executing non-safepoint VM operation: RendezvousGCThreads done

Memory protections (0 events):
No events

Nmethod flushes (20 events):
Event: 44.995 Thread 0x000002b4f9b81470 flushing  nmethod 0x000002b4809fb390
Event: 44.995 Thread 0x000002b4f9b81470 flushing  nmethod 0x000002b4809fcc10
Event: 44.995 Thread 0x000002b4f9b81470 flushing  nmethod 0x000002b4809fd210
Event: 44.995 Thread 0x000002b4f9b81470 flushing  nmethod 0x000002b4809fda90
Event: 44.995 Thread 0x000002b4f9b81470 flushing  nmethod 0x000002b480a00190
Event: 44.995 Thread 0x000002b4f9b81470 flushing  nmethod 0x000002b480a05590
Event: 44.995 Thread 0x000002b4f9b81470 flushing  nmethod 0x000002b480a07910
Event: 44.995 Thread 0x000002b4f9b81470 flushing  nmethod 0x000002b480a0c890
Event: 44.995 Thread 0x000002b4f9b81470 flushing  nmethod 0x000002b480a38790
Event: 44.995 Thread 0x000002b4f9b81470 flushing  nmethod 0x000002b480a45410
Event: 44.995 Thread 0x000002b4f9b81470 flushing  nmethod 0x000002b480a45890
Event: 44.995 Thread 0x000002b4f9b81470 flushing  nmethod 0x000002b480a45e10
Event: 44.995 Thread 0x000002b4f9b81470 flushing  nmethod 0x000002b480a4c310
Event: 44.995 Thread 0x000002b4f9b81470 flushing  nmethod 0x000002b480a4d890
Event: 44.995 Thread 0x000002b4f9b81470 flushing  nmethod 0x000002b480a74490
Event: 44.995 Thread 0x000002b4f9b81470 flushing  nmethod 0x000002b480a89190
Event: 44.995 Thread 0x000002b4f9b81470 flushing  nmethod 0x000002b480a89990
Event: 44.995 Thread 0x000002b4f9b81470 flushing  nmethod 0x000002b480a89f90
Event: 44.995 Thread 0x000002b4f9b81470 flushing  nmethod 0x000002b480a95910
Event: 44.995 Thread 0x000002b4f9b81470 flushing osr nmethod 0x000002b480a96990

Events (20 events):
Event: 2420.633 Thread 0x000002b4d87efc30 Thread added: 0x000002b4d87f0950
Event: 2420.634 Thread 0x000002b4d87efc30 Thread exited: 0x000002b4d87efc30
Event: 2426.005 Thread 0x000002b4ff6870c0 Thread exited: 0x000002b4ff6870c0
Event: 2430.665 Thread 0x000002b4d87f0950 Thread exited: 0x000002b4d87f0950
Event: 2431.008 Thread 0x000002b4ff687e60 Thread exited: 0x000002b4ff687e60
Event: 2480.952 Thread 0x000002b4d87e9330 Thread exited: 0x000002b4d87e9330
Event: 2540.953 Thread 0x000002b4d87edb60 Thread exited: 0x000002b4d87edb60
Event: 2600.959 Thread 0x000002b4d87ee1f0 Thread exited: 0x000002b4d87ee1f0
Event: 2660.961 Thread 0x000002b4d87ece40 Thread exited: 0x000002b4d87ece40
Event: 2720.965 Thread 0x000002b4d87ead70 Thread exited: 0x000002b4d87ead70
Event: 2780.976 Thread 0x000002b4d87ee880 Thread exited: 0x000002b4d87ee880
Event: 2840.982 Thread 0x000002b4d87f02c0 Thread exited: 0x000002b4d87f02c0
Event: 3489.856 Thread 0x000002b4d87ed4d0 Thread added: 0x000002b4d87ead70
Event: 3491.340 Thread 0x000002b4d87ead70 Thread added: 0x000002b4d87ee880
Event: 3551.344 Thread 0x000002b4d87ed4d0 Thread exited: 0x000002b4d87ed4d0
Event: 3611.352 Thread 0x000002b4d87ee880 Thread exited: 0x000002b4d87ee880
Event: 3789.866 Thread 0x000002b4d87ead70 Thread added: 0x000002b4d87efc30
Event: 3789.867 Thread 0x000002b4d87efc30 Thread exited: 0x000002b4d87efc30
Event: 3789.873 Thread 0x000002b4d87ead70 Thread added: 0x000002b4d87edb60
Event: 3789.873 Thread 0x000002b4d87edb60 Thread exited: 0x000002b4d87edb60


Dynamic libraries:
0x00007ff6150c0000 - 0x00007ff6150ce000 	c:\Users\hp\.vscode\extensions\redhat.java-1.54.0-win32-x64\jre\21.0.10-win32-x86_64\bin\java.exe
0x00007ffc60040000 - 0x00007ffc602a7000 	C:\WINDOWS\SYSTEM32\ntdll.dll
0x00007ffc5f540000 - 0x00007ffc5f609000 	C:\WINDOWS\System32\KERNEL32.DLL
0x00007ffc5d570000 - 0x00007ffc5d95f000 	C:\WINDOWS\System32\KERNELBASE.dll
0x00007ffc5dc90000 - 0x00007ffc5dddb000 	C:\WINDOWS\System32\ucrtbase.dll
0x00007ffbff930000 - 0x00007ffbff948000 	c:\Users\hp\.vscode\extensions\redhat.java-1.54.0-win32-x64\jre\21.0.10-win32-x86_64\bin\jli.dll
0x00007ffbd1b80000 - 0x00007ffbd1b9e000 	c:\Users\hp\.vscode\extensions\redhat.java-1.54.0-win32-x64\jre\21.0.10-win32-x86_64\bin\VCRUNTIME140.dll
0x00007ffc5fcc0000 - 0x00007ffc5fe85000 	C:\WINDOWS\System32\USER32.dll
0x00007ffc5d3c0000 - 0x00007ffc5d3e7000 	C:\WINDOWS\System32\win32u.dll
0x00007ffc3a700000 - 0x00007ffc3a993000 	C:\WINDOWS\WinSxS\amd64_microsoft.windows.common-controls_6595b64144ccf1df_6.0.26100.7309_none_3e05feeae336a044\COMCTL32.dll
0x00007ffc5f730000 - 0x00007ffc5f75b000 	C:\WINDOWS\System32\GDI32.dll
0x00007ffc5e700000 - 0x00007ffc5e7a9000 	C:\WINDOWS\System32\msvcrt.dll
0x00007ffc5da00000 - 0x00007ffc5db2c000 	C:\WINDOWS\System32\gdi32full.dll
0x00007ffc5db30000 - 0x00007ffc5dbd3000 	C:\WINDOWS\System32\msvcp_win.dll
0x00007ffc5e8b0000 - 0x00007ffc5e8e1000 	C:\WINDOWS\System32\IMM32.DLL
0x00007ffc57b90000 - 0x00007ffc57b9c000 	c:\Users\hp\.vscode\extensions\redhat.java-1.54.0-win32-x64\jre\21.0.10-win32-x86_64\bin\vcruntime140_1.dll
0x00007ffbb75f0000 - 0x00007ffbb767d000 	c:\Users\hp\.vscode\extensions\redhat.java-1.54.0-win32-x64\jre\21.0.10-win32-x86_64\bin\msvcp140.dll
0x00007ffb897d0000 - 0x00007ffb8a571000 	c:\Users\hp\.vscode\extensions\redhat.java-1.54.0-win32-x64\jre\21.0.10-win32-x86_64\bin\server\jvm.dll
0x00007ffc5e9d0000 - 0x00007ffc5ea84000 	C:\WINDOWS\System32\ADVAPI32.dll
0x00007ffc5ddf0000 - 0x00007ffc5de96000 	C:\WINDOWS\System32\sechost.dll
0x00007ffc5f220000 - 0x00007ffc5f338000 	C:\WINDOWS\System32\RPCRT4.dll
0x00007ffc5e7b0000 - 0x00007ffc5e824000 	C:\WINDOWS\System32\WS2_32.dll
0x00007ffc54a60000 - 0x00007ffc54a95000 	C:\WINDOWS\SYSTEM32\WINMM.dll
0x00007ffc5cff0000 - 0x00007ffc5d04e000 	C:\WINDOWS\SYSTEM32\POWRPROF.dll
0x00007ffc4e790000 - 0x00007ffc4e79b000 	C:\WINDOWS\SYSTEM32\VERSION.dll
0x00007ffc5cfd0000 - 0x00007ffc5cfe4000 	C:\WINDOWS\SYSTEM32\UMPDC.dll
0x00007ffc5be80000 - 0x00007ffc5be9b000 	C:\WINDOWS\SYSTEM32\kernel.appcore.dll
0x00007ffc57b10000 - 0x00007ffc57b1a000 	c:\Users\hp\.vscode\extensions\redhat.java-1.54.0-win32-x64\jre\21.0.10-win32-x86_64\bin\jimage.dll
0x00007ffc5a5e0000 - 0x00007ffc5a822000 	C:\WINDOWS\SYSTEM32\DBGHELP.DLL
0x00007ffc5f760000 - 0x00007ffc5fae5000 	C:\WINDOWS\System32\combase.dll
0x00007ffc5e8f0000 - 0x00007ffc5e9c6000 	C:\WINDOWS\System32\OLEAUT32.dll
0x00007ffc2f990000 - 0x00007ffc2f9cc000 	C:\WINDOWS\SYSTEM32\dbgcore.DLL
0x00007ffc5dbe0000 - 0x00007ffc5dc85000 	C:\WINDOWS\System32\bcryptPrimitives.dll
0x00007ffc4b740000 - 0x00007ffc4b74f000 	c:\Users\hp\.vscode\extensions\redhat.java-1.54.0-win32-x64\jre\21.0.10-win32-x86_64\bin\instrument.dll
0x00007ffbd0960000 - 0x00007ffbd0980000 	c:\Users\hp\.vscode\extensions\redhat.java-1.54.0-win32-x64\jre\21.0.10-win32-x86_64\bin\java.dll
0x00007ffc5ea90000 - 0x00007ffc5f1e3000 	C:\WINDOWS\System32\SHELL32.dll
0x00007ffc5d250000 - 0x00007ffc5d3ba000 	C:\WINDOWS\System32\wintypes.dll
0x00007ffc5ad60000 - 0x00007ffc5b5be000 	C:\WINDOWS\SYSTEM32\windows.storage.dll
0x00007ffc5f3c0000 - 0x00007ffc5f4b5000 	C:\WINDOWS\System32\SHCORE.dll
0x00007ffc5f340000 - 0x00007ffc5f3a6000 	C:\WINDOWS\System32\shlwapi.dll
0x00007ffc5d0b0000 - 0x00007ffc5d0d9000 	C:\WINDOWS\SYSTEM32\profapi.dll
0x00007ffbd07b0000 - 0x00007ffbd07c8000 	c:\Users\hp\.vscode\extensions\redhat.java-1.54.0-win32-x64\jre\21.0.10-win32-x86_64\bin\zip.dll
0x00007ffc46190000 - 0x00007ffc461a0000 	C:\Users\hp\.vscode\extensions\redhat.java-1.54.0-win32-x64\jre\21.0.10-win32-x86_64\bin\net.dll
0x00007ffc56b10000 - 0x00007ffc56c38000 	C:\WINDOWS\SYSTEM32\WINHTTP.dll
0x00007ffc5c4b0000 - 0x00007ffc5c51b000 	C:\WINDOWS\system32\mswsock.dll
0x00007ffbcf8a0000 - 0x00007ffbcf8b6000 	C:\Users\hp\.vscode\extensions\redhat.java-1.54.0-win32-x64\jre\21.0.10-win32-x86_64\bin\nio.dll
0x00007ffc45f70000 - 0x00007ffc45f80000 	c:\Users\hp\.vscode\extensions\redhat.java-1.54.0-win32-x64\jre\21.0.10-win32-x86_64\bin\verify.dll
0x00007ffbfd680000 - 0x00007ffbfd6c5000 	C:\Users\hp\AppData\Roaming\Code\User\globalStorage\redhat.java\1.54.0\config_win\org.eclipse.equinox.launcher\org.eclipse.equinox.launcher.win32.win32.x86_64_1.3.0.v20260203-2149\eclipse_11919.dll
0x00007ffc5fb20000 - 0x00007ffc5fcb7000 	C:\WINDOWS\System32\ole32.dll
0x00007ffc59500000 - 0x00007ffc5950a000 	C:\Users\hp\.vscode\extensions\redhat.java-1.54.0-win32-x64\jre\21.0.10-win32-x86_64\bin\management.dll
0x00007ffc594f0000 - 0x00007ffc594fc000 	C:\Users\hp\.vscode\extensions\redhat.java-1.54.0-win32-x64\jre\21.0.10-win32-x86_64\bin\management_ext.dll
0x00007ffc5e6f0000 - 0x00007ffc5e6f8000 	C:\WINDOWS\System32\PSAPI.DLL
0x00007ffc5c770000 - 0x00007ffc5c78b000 	C:\WINDOWS\SYSTEM32\CRYPTSP.dll
0x00007ffc5bea0000 - 0x00007ffc5beda000 	C:\WINDOWS\system32\rsaenh.dll
0x00007ffc5c560000 - 0x00007ffc5c58b000 	C:\WINDOWS\SYSTEM32\USERENV.dll
0x00007ffc5d080000 - 0x00007ffc5d0aa000 	C:\WINDOWS\SYSTEM32\bcrypt.dll
0x00007ffc5c790000 - 0x00007ffc5c79c000 	C:\WINDOWS\SYSTEM32\CRYPTBASE.dll
0x00007ffc5b950000 - 0x00007ffc5b984000 	C:\WINDOWS\SYSTEM32\IPHLPAPI.DLL
0x00007ffc5dde0000 - 0x00007ffc5ddea000 	C:\WINDOWS\System32\NSI.dll
0x00007ffbd0990000 - 0x00007ffbd09d9000 	C:\Users\hp\AppData\Local\Temp\jna-3336\jna2984732467563004117.dll
0x00007ffc56d70000 - 0x00007ffc56d8e000 	C:\WINDOWS\SYSTEM32\dhcpcsvc6.DLL
0x00007ffc56d40000 - 0x00007ffc56d63000 	C:\WINDOWS\SYSTEM32\dhcpcsvc.DLL
0x00007ffc57bb0000 - 0x00007ffc57bbe000 	C:\Users\hp\.vscode\extensions\redhat.java-1.54.0-win32-x64\jre\21.0.10-win32-x86_64\bin\sunmscapi.dll
0x00007ffc5d3f0000 - 0x00007ffc5d567000 	C:\WINDOWS\System32\CRYPT32.dll
0x00007ffc5c990000 - 0x00007ffc5c9c0000 	C:\WINDOWS\SYSTEM32\ncrypt.dll
0x00007ffc5c940000 - 0x00007ffc5c97f000 	C:\WINDOWS\SYSTEM32\NTASN1.dll
0x00007ffc5b9f0000 - 0x00007ffc5bb1c000 	C:\WINDOWS\SYSTEM32\DNSAPI.dll
0x00007ffc4f3c0000 - 0x00007ffc4f3cb000 	C:\Windows\System32\rasadhlp.dll
0x00007ffc57380000 - 0x00007ffc57406000 	C:\WINDOWS\System32\fwpuclnt.dll
0x00007ffc39df0000 - 0x00007ffc39df9000 	C:\Users\hp\.vscode\extensions\redhat.java-1.54.0-win32-x64\jre\21.0.10-win32-x86_64\bin\extnet.dll
0x00007ffc5c060000 - 0x00007ffc5c096000 	C:\WINDOWS\SYSTEM32\ntmarta.dll

JVMTI agents:
c:\Users\hp\.vscode\extensions\redhat.java-1.54.0-win32-x64\lombok\lombok-1.18.39-4050.jar path:c:\Users\hp\.vscode\extensions\redhat.java-1.54.0-win32-x64\jre\21.0.10-win32-x86_64\bin\instrument.dll, loaded, initialized, instrumentlib options:none

dbghelp: loaded successfully - version: 4.0.5 - missing functions: none
symbol engine: initialized successfully - sym options: 0x614 - pdb path: .;c:\Users\hp\.vscode\extensions\redhat.java-1.54.0-win32-x64\jre\21.0.10-win32-x86_64\bin;C:\WINDOWS\SYSTEM32;C:\WINDOWS\WinSxS\amd64_microsoft.windows.common-controls_6595b64144ccf1df_6.0.26100.7309_none_3e05feeae336a044;c:\Users\hp\.vscode\extensions\redhat.java-1.54.0-win32-x64\jre\21.0.10-win32-x86_64\bin\server;C:\Users\hp\AppData\Roaming\Code\User\globalStorage\redhat.java\1.54.0\config_win\org.eclipse.equinox.launcher\org.eclipse.equinox.launcher.win32.win32.x86_64_1.3.0.v20260203-2149;C:\Users\hp\AppData\Local\Temp\jna-3336

VM Arguments:
jvm_args: --add-modules=ALL-SYSTEM --add-opens=java.base/java.util=ALL-UNNAMED --add-opens=java.base/java.lang=ALL-UNNAMED --add-opens=java.base/sun.nio.fs=ALL-UNNAMED -Declipse.application=org.eclipse.jdt.ls.core.id1 -Dosgi.bundles.defaultStartLevel=4 -Declipse.product=org.eclipse.jdt.ls.core.product -Djava.import.generatesMetadataFilesAtProjectRoot=false -DDetectVMInstallationsJob.disabled=true -Dfile.encoding=utf8 -XX:+UseParallelGC -XX:GCTimeRatio=4 -XX:AdaptiveSizePolicyWeight=90 -Dsun.zip.disableMemoryMapping=true -Xmx2G -Xms100m -Xlog:disable -javaagent:c:\Users\hp\.vscode\extensions\redhat.java-1.54.0-win32-x64\lombok\lombok-1.18.39-4050.jar -XX:+HeapDumpOnOutOfMemoryError -XX:HeapDumpPath=c:\Users\hp\AppData\Roaming\Code\User\workspaceStorage\375c0146efa91f853ace7a4dbd2da55a\redhat.java -Daether.dependencyCollector.impl=bf 
java_command: c:\Users\hp\.vscode\extensions\redhat.java-1.54.0-win32-x64\server\plugins\org.eclipse.equinox.launcher_1.7.100.v20251111-0406.jar -configuration c:\Users\hp\AppData\Roaming\Code\User\globalStorage\redhat.java\1.54.0\config_win -data c:\Users\hp\AppData\Roaming\Code\User\workspaceStorage\375c0146efa91f853ace7a4dbd2da55a\redhat.java\jdt_ws --pipe=\\.\pipe\lsp-2b120948f14e6f852cc8062279f9f210-sock
java_class_path (initial): c:\Users\hp\.vscode\extensions\redhat.java-1.54.0-win32-x64\server\plugins\org.eclipse.equinox.launcher_1.7.100.v20251111-0406.jar
Launcher Type: SUN_STANDARD

[Global flags]
    uintx AdaptiveSizePolicyWeight                 = 90                                        {product} {command line}
     intx CICompilerCount                          = 4                                         {product} {ergonomic}
    uintx GCTimeRatio                              = 4                                         {product} {command line}
     bool HeapDumpOnOutOfMemoryError               = true                                   {manageable} {command line}
    ccstr HeapDumpPath                             = c:\Users\hp\AppData\Roaming\Code\User\workspaceStorage\375c0146efa91f853ace7a4dbd2da55a\redhat.java         {manageable} {command line}
   size_t InitialHeapSize                          = 104857600                                 {product} {command line}
   size_t MaxHeapSize                              = 2147483648                                {product} {command line}
   size_t MaxNewSize                               = 715653120                                 {product} {ergonomic}
   size_t MinHeapDeltaBytes                        = 524288                                    {product} {ergonomic}
   size_t MinHeapSize                              = 104857600                                 {product} {command line}
   size_t NewSize                                  = 34603008                                  {product} {ergonomic}
    uintx NonNMethodCodeHeapSize                   = 5839372                                {pd product} {ergonomic}
    uintx NonProfiledCodeHeapSize                  = 122909434                              {pd product} {ergonomic}
   size_t OldSize                                  = 70254592                                  {product} {ergonomic}
    uintx ProfiledCodeHeapSize                     = 122909434                              {pd product} {ergonomic}
    uintx ReservedCodeCacheSize                    = 251658240                              {pd product} {ergonomic}
     bool SegmentedCodeCache                       = true                                      {product} {ergonomic}
   size_t SoftMaxHeapSize                          = 2147483648                             {manageable} {ergonomic}
     bool UseCompressedOops                        = true                           {product lp64_product} {ergonomic}
     bool UseLargePagesIndividualAllocation        = false                                  {pd product} {ergonomic}
     bool UseParallelGC                            = true                                      {product} {command line}

Logging:
Log output configuration:
 #0: stdout all=off uptime,level,tags foldmultilines=false
 #1: stderr all=off uptime,level,tags foldmultilines=false

Release file:
JAVA_VERSION="21.0.10" 
MODULES="java.base java.compiler java.datatransfer java.xml java.prefs java.desktop java.instrument java.logging java.management java.security.sasl java.naming java.rmi java.management.rmi java.net.http java.scripting java.security.jgss java.transaction.xa java.sql java.sql.rowset java.xml.crypto java.se java.smartcardio jdk.accessibility jdk.internal.jvmstat jdk.attach jdk.charsets jdk.internal.opt jdk.zipfs jdk.compiler jdk.crypto.ec jdk.crypto.cryptoki jdk.crypto.mscapi jdk.dynalink jdk.internal.ed jdk.editpad jdk.hotspot.agent jdk.httpserver jdk.internal.le jdk.internal.vm.ci jdk.internal.vm.compiler jdk.internal.vm.compiler.management jdk.jartool jdk.javadoc jdk.jcmd jdk.management jdk.management.agent jdk.jconsole jdk.jdeps jdk.jdwp.agent jdk.jdi jdk.jfr jdk.jshell jdk.jsobject jdk.jstatd jdk.localedata jdk.management.jfr jdk.naming.dns jdk.naming.rmi jdk.net jdk.nio.mapmode jdk.random jdk.sctp jdk.security.auth jdk.security.jgss jdk.unsupported jdk.unsupported.desktop jdk.xml.dom" 

Environment Variables:
JAVA_HOME=C:\Program Files\Java\jdk-21
PATH=C:\Users\hp\AppData\Local\Programs\Microsoft VS Code;C:\Python313\Scripts\;C:\Python313\;C:\Program Files\Python312\Scripts\;C:\Program Files\Python312\;C:\Program Files (x86)\VMware\VMware Workstation\bin\;C:\Program Files\Common Files\Oracle\Java\javapath;C:\Program Files (x86)\Common Files\Intel\Shared Libraries\redist\intel64\compiler;C:\WINDOWS\system32;C:\WINDOWS;C:\WINDOWS\System32\Wbem;C:\WINDOWS\System32\WindowsPowerShell\v1.0\;C:\WINDOWS\System32\OpenSSH\;C:\Program Files (x86)\dotnet\;C:\Program Files\Git\cmd;C:\Program Files\Git\mingw64\bin;C:\Program Files\Git\usr\bin;C:\Program Files\MongoDB\mongosh-1.10.6-win32-x64\bin;C:\Program Files\Python312;C:\Program Files\nodejs\;C:\ProgramData\chocolatey\bin;C:\Program Files\Java\jdk-25\bin;C:\Program Files\Apache\apache-maven-3.9.12\bin;;C:\Program Files\Docker\Docker\resources\bin;C:\Users\hp\AppData\Local\Programs\Python\Python314\Scripts\;C:\Users\hp\AppData\Local\Programs\Python\Python314\;C:\Program Files\MySQL\MySQL Shell 8.0\bin\;C:\Users\hp\AppData\Local\Microsoft\WindowsApps;;C:\Users\hp\AppData\Local\Programs\Microsoft VS Code\bin;C:\Program Files\JetBrains\IntelliJ IDEA Community Edition 2023.2.3\bin;;C:\Users\hp\AppData\Roaming\npm;C:\Users\hp\AppData\Local\Programs\Antigravity\bin
USERNAME=hp
OS=Windows_NT
PROCESSOR_IDENTIFIER=Intel64 Family 6 Model 140 Stepping 1, GenuineIntel
TMP=C:\Users\hp\AppData\Local\Temp
TEMP=C:\Users\hp\AppData\Local\Temp




Periodic native trim disabled

---------------  S Y S T E M  ---------------

OS:
 Windows 11 , 64 bit Build 26100 (10.0.26100.7309)
OS uptime: 1 days 13:12 hours
Hyper-V role detected

CPU: total 8 (initial active 8) (4 cores per cpu, 2 threads per core) family 6 model 140 stepping 1 microcode 0xac, cx8, cmov, fxsr, ht, mmx, 3dnowpref, sse, sse2, sse3, ssse3, sse4.1, sse4.2, popcnt, lzcnt, tsc, tscinvbit, avx, avx2, aes, erms, clmul, bmi1, bmi2, adx, avx512f, avx512dq, avx512cd, avx512bw, avx512vl, sha, fma, vzeroupper, avx512_vpopcntdq, avx512_vpclmulqdq, avx512_vaes, avx512_vnni, clflush, clflushopt, clwb, avx512_vbmi2, avx512_vbmi, hv, rdtscp, rdpid, fsrm, gfni, avx512_bitalg, f16c, cet_ibt, cet_ss, avx512_ifma
Processor Information for the first 8 processors :
  Max Mhz: 2419, Current Mhz: 2419, Mhz Limit: 2419

Memory: 4k page, system-wide physical 16124M (1869M free)
TotalPageFile size 24316M (AvailPageFile size 4M)
current process WorkingSet (physical memory assigned to process): 539M, peak: 1301M
current process commit charge ("private bytes"): 1466M, peak: 1467M

vm_info: OpenJDK 64-Bit Server VM (21.0.10+7-LTS) for windows-amd64 JRE (21.0.10+7-LTS), built on 2026-01-20T00:00:00Z by "admin" with MS VC++ 17.12 (VS2022)

END.
